=== 房间改造工具 自动化测试报告 ===
时间: 2026-07-26T13:44:03.953Z
结果: 28/28 通过

详细结果:
✅ 1.1 页面标题正确: 🏠 房间改造工具 - Demo
✅ 1.2 Konva.js 已加载: Konva 全局对象未找到
✅ 1.3 Canvas 画布已渲染: Canvas 元素未找到
✅ 1.4 日志系统工作正常: 未找到初始化日志
✅ 1.5 状态栏显示初始化信息: 🏠 欢迎！已加载示例房间。试试切换模式或拖拽家具
✅ 2.1 Canvas 尺寸正确 (800x600): 800x600
✅ 2.2 预加载门已创建: 日志中无创建门记录
✅ 2.3 预加载窗户已创建: 日志中无创建窗户记录
✅ 2.4 预加载家具已创建 (5件): 日志中无放置家具记录
✅ 3.1 一键创建房间触发: 日志中无一键创建房间记录
✅ 3.2 状态栏确认房间创建: ✅ 已创建 500cm × 400cm 房间 — 点击墙段选中编辑，或切换到「放家具」模式
✅ 3.3 清除按钮可见
✅ 4.1 网格按钮可点击: 按钮功能正常
✅ 5.1 切换到放家具模式: 日志中无模式切换记录
✅ 5.2 家具目录在 place 模式下可见
✅ 5.3 切换回画户型模式
✅ 6.1 点击目录放置床: 日志中无放置家具(bed)记录
✅ 6.2 点击目录放置书桌: 日志中无放置家具(desk)记录
✅ 6.3 Canvas 在家具放置后仍正常
✅ 7.1 智能布局启动: 未找到智能布局开始日志
✅ 7.2 智能布局完成: 未找到智能布局完成日志
✅ 8.1 Ctrl+Z 撤销功能
✅ 9.1 清除全部执行
✅ 10.1 点击门目录进入放置模式
✅ 10.2 点击墙上放置门
✅ 10.3 点击墙上放置窗户
✅ 11.1 无 JavaScript 运行时错误
✅ 12.1 最终截图保存: D:\home\家装布置\home-design-tool\test\screenshot-final.png

控制台日志:
[log] [房间改造工具] 13:43:48.690 模式切换 → draw
[log] [房间改造工具] 13:43:48.692 创建门 {wallIdx: 3, t: 0.3, width: 80, swingInward: true}
[log] [房间改造工具] 13:43:48.693 创建窗户 {wallIdx: 0, t: 0.5, width: 100}
[log] [房间改造工具] 13:43:48.703 放置家具 {type: bed, x: 240, y: 200}
[log] [房间改造工具] 13:43:48.703 放置家具 {type: desk, x: 480, y: 170}
[log] [房间改造工具] 13:43:48.703 放置家具 {type: wardrobe, x: 240, y: 420}
[log] [房间改造工具] 13:43:48.704 放置家具 {type: chair, x: 500, y: 260}
[log] [房间改造工具] 13:43:48.704 放置家具 {type: sofa, x: 420, y: 370}
[log] [房间改造工具] 13:43:48.704 房间改造工具已加载
[log] 模式: 画户型 | 放家具 | 智能布局
[log] 快捷键: Ctrl+Z 撤销, Ctrl+Y 重做, Delete 删除选中, Escape 取消
[log] [房间改造工具] 13:43:51.262 创建门 {wallIdx: 3, t: 0.3, width: 80, swingInward: true}
[log] [房间改造工具] 13:43:51.263 创建窗户 {wallIdx: 0, t: 0.5, width: 100}
[log] [房间改造工具] 13:43:51.263 一键创建房间 {width: 500cm, height: 400cm, px: 500x400}
[log] [房间改造工具] 13:43:53.357 模式切换 → place
[log] [房间改造工具] 13:43:53.689 模式切换 → draw
[log] [房间改造工具] 13:43:54.040 创建门 {wallIdx: 3, t: 0.3, width: 80, swingInward: true}
[log] [房间改造工具] 13:43:54.040 创建窗户 {wallIdx: 0, t: 0.5, width: 100}
[log] [房间改造工具] 13:43:54.040 一键创建房间 {width: 600cm, height: 500cm, px: 600x500}
[log] [房间改造工具] 13:43:54.572 模式切换 → place
[log] [房间改造工具] 13:43:55.220 放置家具 {type: bed, x: 60, y: 50}
[log] [房间改造工具] 13:43:56.052 放置家具 {type: desk, x: 160, y: 50}
[log] [房间改造工具] 13:43:56.574 模式切换 → layout
[log] [房间改造工具] 13:43:56.905 模式切换 → layout
[log] [房间改造工具] 13:43:56.905 智能布局开始 {furniture: 7}
[log] [房间改造工具] 13:43:56.907 智能布局完成 {items: 7}
[log] [房间改造工具] 13:43:58.438 模式切换 → draw
[log] [房间改造工具] 13:43:58.794 创建门 {wallIdx: 3, t: 0.3, width: 80, swingInward: true}
[log] [房间改造工具] 13:43:58.794 创建窗户 {wallIdx: 0, t: 0.5, width: 100}
[log] [房间改造工具] 13:43:58.795 一键创建房间 {width: 300cm, height: 300cm, px: 300x300}
[log] [房间改造工具] 13:43:59.642 清除全部
[log] [房间改造工具] 13:44:00.190 清除全部
[log] [房间改造工具] 13:44:00.191 一键创建房间 {width: 400cm, height: 300cm, px: 400x300}
[log] [房间改造工具] 13:44:00.723 模式切换 → draw
[log] [房间改造工具] 13:44:01.056 点击墙放置门
[log] [房间改造工具] 13:44:01.374 清除选中
[log] [房间改造工具] 13:44:01.375 选中墙段 {id: 60, length: 300}
[log] [房间改造工具] 13:44:01.375 创建门 {wallIdx: 3, t: 0.5016666666666667, width: 80, swingInward: true}
[log] [房间改造工具] 13:44:01.376 门已放置 {wallIdx: 3, t: 0.5016666666666667}
[log] [房间改造工具] 13:44:02.225 点击墙放置窗户
[log] [房间改造工具] 13:44:02.540 清除选中
[log] [房间改造工具] 13:44:02.541 选中墙段 {id: 62, length: 400}
[log] [房间改造工具] 13:44:02.541 创建窗户 {wallIdx: 0, t: 0.5, width: 100}
[log] [房间改造工具] 13:44:02.541 窗户已放置 {wallIdx: 0, t: 0.5}
[log] [房间改造工具] 13:44:03.409 清除全部
[log] [房间改造工具] 13:44:03.409 一键创建房间 {width: 600cm, height: 500cm, px: 600x500}